#output test
